// Jest Snapshot v1, https://goo.gl/fbAQLP

exports[`IVSBroadcastCameraView component Snapshot matched 1`] = `
<RCTIVSBroadcastCameraView
  cameraPosition="back"
  cameraPreviewAspectMode="none"
  isCameraPreviewMirrored={false}
  isMuted={false}
  logLevel="error"
  onAudioSessionInterrupted={[Function]}
  onAudioSessionResumed={[Function]}
  onBroadcastAudioStats={[Function]}
  onBroadcastError={[Function]}
  onBroadcastQualityChanged={[Function]}
  onBroadcastStateChanged={[Function]}
  onError={[Function]}
  onIsBroadcastReady={[Function]}
  onMediaServicesWereLost={[Function]}
  onMediaServicesWereReset={[Function]}
  onNetworkHealthChanged={[Function]}
  onTransmissionStatisticsChanged={[Function]}
  rtmpsUrl=""
  sessionLogLevel="error"
  streamKey=""
  testID="RCTIVSBroadcastCameraView"
/>
`;
